# Source: tekton/templates/250-docker-config-secret.yaml
apiVersion: v1
data:
  .dockerconfigjson: "e30="
kind: Secret
metadata:
  name: knative-docker-user-pass
  annotations:
    tekton.dev/docker-0: "https://index.docker.io/v1/"
  labels:
    secret.jenkins-x.io/replica-source: "true"
type: kubernetes.io/dockerconfigjson
